Script started on 2023-08-10 11:31:21-04:00 [TERM="xterm-256color" TTY="/dev/pts/1" COLUMNS="162" LINES="26"]
[?2004hshift_compiler$ maek[K[Kke clean 
[?2004l
rm -f scompiler
[?2004hshift_compiler$ make 
[?2004l
g++ -std=c++11 -g -O0  -o scompiler ./src/target.cpp ./src/semantics.cpp ./src/ast.cpp ./src/parser.cpp ./src/scanner.cpp ./src/codegen.cpp ./src/main.cpp
[?2004hshift_compiler$ cd analyzer/
[?2004l
[?2004hanalyzer$ python3 
[?2004l
Python 3.10.12 (main, Jun 11 2023, 05:26:28) [GCC 11.4.0] on linux
Type "help", "copyright", "credits" or "license" for more information.
>>> from analysis import *
[33mWARNING[0m  | 2023-08-10 11:32:46,762 | [34mcle.backends.tls.tls_object[0m | [34mThe provided object has an invalid tls_data_size. Skip TLS loading.[0m
[33mWARNING[0m  | 2023-08-10 11:32:47,478 | angr.knowledge_plugins.debug_variables | Unsupported variable with overlapping scopes. Have "None" with 4212856-4213105 and ignore 4212856-4213105.
[33mWARNING[0m  | 2023-08-10 11:32:47,478 | angr.knowledge_plugins.debug_variables | Unsupported variable with overlapping scopes. Have "None" with 4212856-4213003 and ignore 4212856-4213003.
>>> line_info("main.cpp")
{('/home/jingyuqiu/projects/research/shift_compiler/src/main.cpp', 11), ('/usr/include/c++/10/bits/stl_tree.h', 1945)} 4229990
{('/home/jingyuqiu/projects/research/shift_compiler/src/main.cpp', 11)} 4230019
{('/home/jingyuqiu/projects/research/shift_compiler/src/main.cpp', 12)} 4230034
{('/home/jingyuqiu/projects/research/shift_compiler/src/main.cpp', 13)} 4230043
{('/home/jingyuqiu/projects/research/shift_compiler/src/main.cpp', 13)} 4230104
{('/home/jingyuqiu/projects/research/shift_compiler/src/main.cpp', 14)} 4230122
{('/home/jingyuqiu/projects/research/shift_compiler/src/main.cpp', 16)} 4230132
{('/home/jingyuqiu/projects/research/shift_compiler/src/main.cpp', 17)} 4230145
{('/home/jingyuqiu/projects/research/shift_compiler/src/main.cpp', 18)} 4230160
{('/home/jingyuqiu/projects/research/shift_compiler/src/main.cpp', 18)} 4230177
{('/home/jingyuqiu/projects/research/shift_compiler/src/main.cpp', 18)} 4230188
{('/home/jingyuqiu/projects/research/shift_compiler/src/main.cpp', 19)} 4230209
{('/home/jingyuqiu/projects/research/shift_compiler/src/main.cpp', 19)} 4230224
{('/home/jingyuqiu/projects/research/shift_compiler/src/main.cpp', 19)} 4230227
{('/home/jingyuqiu/projects/research/shift_compiler/src/main.cpp', 20)} 4230231
{('/home/jingyuqiu/projects/research/shift_compiler/src/main.cpp', 20)} 4230253
{('/home/jingyuqiu/projects/research/shift_compiler/src/main.cpp', 20)} 4230264
{('/home/jingyuqiu/projects/research/shift_compiler/src/main.cpp', 20)} 4230278
{('/home/jingyuqiu/projects/research/shift_compiler/src/main.cpp', 20)} 4230293
{('/home/jingyuqiu/projects/research/shift_compiler/src/main.cpp', 20)} 4230296
{('/home/jingyuqiu/projects/research/shift_compiler/src/main.cpp', 21)} 4230314
{('/home/jingyuqiu/projects/research/shift_compiler/src/main.cpp', 23)} 4230324
{('/home/jingyuqiu/projects/research/shift_compiler/src/main.cpp', 23)} 4230339
{('/home/jingyuqiu/projects/research/shift_compiler/src/main.cpp', 17)} 4230354
{('/home/jingyuqiu/projects/research/shift_compiler/src/main.cpp', 26)} 4230369
{('/home/jingyuqiu/projects/research/shift_compiler/src/main.cpp', 27)} 4230384
{('/home/jingyuqiu/projects/research/shift_compiler/src/main.cpp', 27)} 4230409
{('/home/jingyuqiu/projects/research/shift_compiler/src/main.cpp', 28)} 4230449
{('/home/jingyuqiu/projects/research/shift_compiler/src/main.cpp', 28)} 4230474
{('/home/jingyuqiu/projects/research/shift_compiler/src/main.cpp', 28)} 4230489
{('/home/jingyuqiu/projects/research/shift_compiler/src/main.cpp', 29)} 4230504
{('/home/jingyuqiu/projects/research/shift_compiler/src/main.cpp', 29)} 4230529
{('/home/jingyuqiu/projects/research/shift_compiler/src/main.cpp', 29)} 4230554
{('/home/jingyuqiu/projects/research/shift_compiler/src/main.cpp', 29)} 4230579
{('/home/jingyuqiu/projects/research/shift_compiler/src/main.cpp', 29)} 4230597
{('/home/jingyuqiu/projects/research/shift_compiler/src/main.cpp', 29)} 4230600
{('/home/jingyuqiu/projects/research/shift_compiler/src/main.cpp', 29)} 4230625
{('/home/jingyuqiu/projects/research/shift_compiler/src/main.cpp', 29)} 4230650
{('/home/jingyuqiu/projects/research/shift_compiler/src/main.cpp', 29)} 4230671
{('/home/jingyuqiu/projects/research/shift_compiler/src/main.cpp', 29)} 4230689
{('/home/jingyuqiu/projects/research/shift_compiler/src/main.cpp', 29)} 4230719
{('/home/jingyuqiu/projects/research/shift_compiler/src/main.cpp', 31)} 4230749
{('/home/jingyuqiu/projects/research/shift_compiler/src/main.cpp', 27)} 4230754
{('/home/jingyuqiu/projects/research/shift_compiler/src/main.cpp', 26)} 4230769
{('/home/jingyuqiu/projects/research/shift_compiler/src/main.cpp', 32)} 4230784
{('/home/jingyuqiu/projects/research/shift_compiler/src/main.cpp', 17)} 4230814
{('/home/jingyuqiu/projects/research/shift_compiler/src/main.cpp', 28)} 4230874
{('/home/jingyuqiu/projects/research/shift_compiler/src/main.cpp', 29)} 4230898
{('/home/jingyuqiu/projects/research/shift_compiler/src/main.cpp', 29)} 4230925
{('/home/jingyuqiu/projects/research/shift_compiler/src/main.cpp', 29)} 4230946
{('/home/jingyuqiu/projects/research/shift_compiler/src/main.cpp', 29)} 4230949
{('/home/jingyuqiu/projects/research/shift_compiler/src/main.cpp', 29)} 4230970
{('/home/jingyuqiu/projects/research/shift_compiler/src/main.cpp', 29)} 4230973
{('/home/jingyuqiu/projects/research/shift_compiler/src/main.cpp', 27)} 4230994
{('/home/jingyuqiu/projects/research/shift_compiler/src/main.cpp', 26)} 4231018
{('/home/jingyuqiu/projects/research/shift_compiler/src/main.cpp', 32)} 4231047
{('/home/jingyuqiu/projects/research/shift_compiler/src/main.cpp', 32)} 4231058
{('/home/jingyuqiu/projects/research/shift_compiler/src/main.cpp', 32)} 4231081
{('/home/jingyuqiu/projects/research/shift_compiler/src/main.cpp', 32)} 4231106
{('/home/jingyuqiu/projects/research/shift_compiler/src/main.cpp', 9)} 4231295
{('/home/jingyuqiu/projects/research/shift_compiler/src/main.cpp', 9)} 4231322
{('/home/jingyuqiu/projects/research/shift_compiler/src/main.cpp', 32)} 4231351
{('/home/jingyuqiu/projects/research/shift_compiler/src/main.cpp', 32)} 4231383
{('/home/jingyuqiu/projects/research/shift_compiler/src/main.cpp', 32)} 4231414
{('/home/jingyuqiu/projects/research/shift_compiler/src/main.cpp', 32)} 4231422
{('/home/jingyuqiu/projects/research/shift_compiler/src/main.cpp', 32), ('/usr/include/c++/10/bits/ios_base.h', 130)} 4231439
>>> simgr.explore(find = 4230019)
<SimulationManager with 1 found>
>>> state = simgr.found[0]
>>> state.dvars['argc']
>>> exit()
[?2004hanalyzer$ exit
[?2004l
exit

Script done on 2023-08-10 11:34:33-04:00 [COMMAND_EXIT_CODE="0"]
